[vocab-mimo] model='mimo/mimo-auto' parallel=8 slice=[1300:3753] | slice_files=2453 done=0 todo=2453
[1/2453  0.0%] 0.11 f/s ETA 369m28s errs=0 | InteractiveConversationElement.kt
[2/2453  0.1%] 0.20 f/s ETA 201m02s errs=0 | ShrinkWrapLinearLayout.kt
[3/2453  0.1%] 0.29 f/s ETA 139m27s errs=0 | V2ConversationItemMediaViewHolder.kt
[4/2453  0.2%] 0.39 f/s ETA 104m50s errs=0 | V2ConversationItemShape.kt
[5/2453  0.2%] 0.48 f/s ETA 84m23s errs=0 | V2ConversationItemLayout.kt
[6/2453  0.2%] 0.56 f/s ETA 73m09s errs=0 | V2ConversationItemMediaBindingBridge.kt
[7/2453  0.3%] 0.56 f/s ETA 72m31s errs=0 | SenderNameWithLabelView.kt
[8/2453  0.3%] 0.49 f/s ETA 83m53s errs=0 | V2ConversationContext.kt
[9/2453  0.4%] 0.51 f/s ETA 80m33s errs=0 | V2ConversationItemTextOnlyBindingBridge.
[10/2453  0.4%] 0.54 f/s ETA 75m04s errs=0 | V2ConversationItemThumbnail.kt
[11/2453  0.4%] 0.58 f/s ETA 70m19s errs=0 | V2ConversationItemTextOnlyViewHolder.kt
[12/2453  0.5%] 0.63 f/s ETA 64m26s errs=0 | V2ConversationItemTheme.kt
[13/2453  0.5%] 0.68 f/s ETA 59m38s errs=0 | V2ConversationItemSnapshotStrategy.kt
[14/2453  0.6%] 0.73 f/s ETA 56m02s errs=0 | V2ConversationItemUtils.kt
[15/2453  0.6%] 0.73 f/s ETA 55m52s errs=0 | V2ConversationItemViewHolder.kt
[16/2453  0.7%] 0.65 f/s ETA 62m51s errs=0 | V2FooterPositionDelegate.kt
[17/2453  0.7%] 0.67 f/s ETA 60m22s errs=0 | V2OnDispatchTouchEventListener.kt
[18/2453  0.7%] 0.70 f/s ETA 58m01s errs=0 | V2Payload.kt
[19/2453  0.8%] 0.72 f/s ETA 56m31s errs=0 | AttachmentKeyboardViewModel.kt
[20/2453  0.8%] 0.73 f/s ETA 55m34s errs=0 | ChatFolderAdapter.kt
[21/2453  0.9%] 0.75 f/s ETA 53m53s errs=0 | AddToFolderBottomSheet.kt
[22/2453  0.9%] 0.75 f/s ETA 54m02s errs=0 | AttachmentKeyboardFragment.kt
[23/2453  0.9%] 0.78 f/s ETA 52m12s errs=0 | ChatFolderMappingModel.kt
[24/2453  1.0%] 0.73 f/s ETA 55m19s errs=0 | ClearFilterViewHolder.java
[25/2453  1.0%] 0.74 f/s ETA 54m55s errs=0 | ConversationListAdapter.java
[26/2453  1.1%] 0.76 f/s ETA 53m24s errs=0 | ConversationFilterBehavior.kt
[27/2453  1.1%] 0.75 f/s ETA 53m37s errs=0 | ConversationListArchiveFragment.java
[28/2453  1.1%] 0.77 f/s ETA 52m28s errs=0 | ConversationListArchiveItemDecoration.kt
[29/2453  1.2%] 0.79 f/s ETA 51m14s errs=0 | ConversationListDataSource.java
[30/2453  1.2%] 0.81 f/s ETA 49m54s errs=0 | ConversationListFragment.java
[31/2453  1.3%] 0.78 f/s ETA 51m26s errs=0 | ConversationFilterLatch.kt
[32/2453  1.3%] 0.80 f/s ETA 50m38s errs=0 | ConversationListFragmentExtensions.kt
[33/2453  1.3%] 0.77 f/s ETA 52m35s errs=0 | ConversationListItemAction.java
[34/2453  1.4%] 0.77 f/s ETA 52m11s errs=0 | ConversationListItemAnimator.java
[35/2453  1.4%] 0.79 f/s ETA 51m14s errs=0 | ConversationListSearchAdapter.kt
[36/2453  1.5%] 0.77 f/s ETA 52m18s errs=0 | ConversationListSearchModels.kt
[37/2453  1.5%] 0.77 f/s ETA 52m03s errs=0 | ConversationListItem.java
[38/2453  1.5%] 0.78 f/s ETA 51m28s errs=0 | ConversationListViewModel.kt
[39/2453  1.6%] 0.77 f/s ETA 52m07s errs=0 | JoinMembersComparator.kt
[40/2453  1.6%] 0.79 f/s ETA 51m04s errs=0 | RestoreCompleteBottomSheetDialog.kt
[41/2453  1.7%] 0.78 f/s ETA 51m24s errs=0 | TimestampPayloadSupport.kt
[42/2453  1.7%] 0.78 f/s ETA 51m32s errs=0 | ConversationFilterRequest.kt
[43/2453  1.8%] 0.38 f/s ETA 106m24s errs=0 | ConversationFilterSource.kt
[44/2453  1.8%] 0.38 f/s ETA 105m28s errs=0 | ConversationListFilterPullView.kt
[45/2453  1.8%] 0.39 f/s ETA 103m41s errs=0 | FilterCircleView.kt
[46/2453  1.9%] 0.39 f/s ETA 102m25s errs=0 | RelinkDevicesReminderBottomSheetFragment
[47/2453  1.9%] 0.40 f/s ETA 101m15s errs=0 | FilterLerp.kt
[48/2453  2.0%] 0.40 f/s ETA 100m26s errs=0 | ProgressVelocityTracker.kt
[49/2453  2.0%] 0.40 f/s ETA 99m48s errs=0 | Conversation.java
[50/2453  2.0%] 0.29 f/s ETA 140m13s errs=0 | FilterPullState.kt
[51/2453  2.1%] 0.28 f/s ETA 140m59s errs=0 | RingBuffer.kt
[52/2453  2.1%] 0.29 f/s ETA 140m22s errs=0 | ConversationFilter.kt
[53/2453  2.2%] 0.29 f/s ETA 139m17s errs=0 | AsymmetricMasterCipher.java
[54/2453  2.2%] 0.29 f/s ETA 137m49s errs=0 | ConversationReader.java
[55/2453  2.2%] 0.29 f/s ETA 136m23s errs=0 | AsymmetricMasterSecret.java
[56/2453  2.3%] 0.26 f/s ETA 154m27s errs=1 | ConversationSet.kt
[57/2453  2.3%] 0.24 f/s ETA 166m57s errs=1 | DatabaseSecretProvider.java
[58/2453  2.4%] 0.24 f/s ETA 167m25s errs=1 | UnreadPaymentsLiveData.java
[59/2453  2.4%] 0.24 f/s ETA 165m00s errs=1 | CrashConfig.kt
[60/2453  2.4%] 0.24 f/s ETA 163m28s errs=1 | IdentityKeyParcelable.java
[61/2453  2.5%] 0.25 f/s ETA 160m57s errs=1 | UnreadPayments.java
[62/2453  2.5%] 0.21 f/s ETA 189m22s errs=1 | AttachmentSecret.java
[63/2453  2.6%] 0.21 f/s ETA 189m28s errs=1 | MasterSecret.java
[64/2453  2.6%] 0.21 f/s ETA 188m27s errs=1 | ClassicDecryptingPartInputStream.java
[65/2453  2.6%] 0.21 f/s ETA 189m06s errs=1 | AttachmentSecretProvider.java
[66/2453  2.7%] 0.21 f/s ETA 186m13s errs=1 | DatabaseSecret.java
[67/2453  2.7%] 0.21 f/s ETA 185m36s errs=1 | ModernDecryptingPartInputStream.java
[68/2453  2.8%] 0.19 f/s ETA 209m19s errs=1 | MasterCipher.java
[69/2453  2.8%] 0.19 f/s ETA 211m30s errs=1 | ReentrantSessionLock.java
[70/2453  2.9%] 0.19 f/s ETA 208m28s errs=1 | InvalidPassphraseException.java
[71/2453  2.9%] 0.19 f/s ETA 206m51s errs=1 | ModernEncryptingPartOutputStream.java
